// Jest Snapshot v1, https://goo.gl/fbAQLP



exports[`should render ExpenseListItem with expenses 1`] = `
<div>
  <h3>
    <Link
      replace={false}
      to="/edit/2"
    >
      Glass
    </Link>
  </h3>
  <p>
    0.73
     -- 
    0
  </p>
</div>
`;
