// Jest Snapshot v1, https://goo.gl/fbAQLP

exports[`Should render Header correctly 1`] = `
<div>
  <h1>
    Expensify
  </h1>
  <button>
    <NavLink
      activeClassName="is-active"
      exact={true}
      to="/"
    >
      Home
    </NavLink>
  </button>
  <button>
    <NavLink
      activeClassName="is-active"
      to="/create"
    >
      Add Expense
    </NavLink>
  </button>
  <button>
    <NavLink
      activeClassName="is-active"
      to="/help"
    >
      Help
    </NavLink>
  </button>
</div>
`;
